Archive member included to satisfy reference by file (symbol)

c:/program files (x86)/atmel/studio/7.0/toolchain/avr8/avr8-gnu-toolchain/bin/../lib/gcc/avr/5.4.0/../../../../avr/lib/avr5\libm.a(addsf3.o)
                              HAL/GPS/GPS.o (__subsf3)
c:/program files (x86)/atmel/studio/7.0/toolchain/avr8/avr8-gnu-toolchain/bin/../lib/gcc/avr/5.4.0/../../../../avr/lib/avr5\libm.a(addsf3x.o)
                              c:/program files (x86)/atmel/studio/7.0/toolchain/avr8/avr8-gnu-toolchain/bin/../lib/gcc/avr/5.4.0/../../../../avr/lib/avr5\libm.a(addsf3.o) (__addsf3x)
c:/program files (x86)/atmel/studio/7.0/toolchain/avr8/avr8-gnu-toolchain/bin/../lib/gcc/avr/5.4.0/../../../../avr/lib/avr5\libm.a(atan2.o)
                              HAL/GPS/GPS.o (atan2)
c:/program files (x86)/atmel/studio/7.0/toolchain/avr8/avr8-gnu-toolchain/bin/../lib/gcc/avr/5.4.0/../../../../avr/lib/avr5\libm.a(atan.o)
                              c:/program files (x86)/atmel/studio/7.0/toolchain/avr8/avr8-gnu-toolchain/bin/../lib/gcc/avr/5.4.0/../../../../avr/lib/avr5\libm.a(atan2.o) (atan)
c:/program files (x86)/atmel/studio/7.0/toolchain/avr8/avr8-gnu-toolchain/bin/../lib/gcc/avr/5.4.0/../../../../avr/lib/avr5\libm.a(cmpsf2.o)
                              HAL/GPS/GPS.o (__eqsf2)
c:/program files (x86)/atmel/studio/7.0/toolchain/avr8/avr8-gnu-toolchain/bin/../lib/gcc/avr/5.4.0/../../../../avr/lib/avr5\libm.a(cos.o)
                              HAL/GPS/GPS.o (cos)
c:/program files (x86)/atmel/studio/7.0/toolchain/avr8/avr8-gnu-toolchain/bin/../lib/gcc/avr/5.4.0/../../../../avr/lib/avr5\libm.a(divsf3.o)
                              HAL/GPS/GPS.o (__divsf3)
c:/program files (x86)/atmel/studio/7.0/toolchain/avr8/avr8-gnu-toolchain/bin/../lib/gcc/avr/5.4.0/../../../../avr/lib/avr5\libm.a(divsf3x.o)
                              c:/program files (x86)/atmel/studio/7.0/toolchain/avr8/avr8-gnu-toolchain/bin/../lib/gcc/avr/5.4.0/../../../../avr/lib/avr5\libm.a(divsf3.o) (__divsf3x)
c:/program files (x86)/atmel/studio/7.0/toolchain/avr8/avr8-gnu-toolchain/bin/../lib/gcc/avr/5.4.0/../../../../avr/lib/avr5\libm.a(fixunssfsi.o)
                              HAL/GPS/GPS.o (__fixunssfsi)
c:/program files (x86)/atmel/studio/7.0/toolchain/avr8/avr8-gnu-toolchain/bin/../lib/gcc/avr/5.4.0/../../../../avr/lib/avr5\libm.a(floatsisf.o)
                              HAL/GPS/GPS.o (__floatunsisf)
c:/program files (x86)/atmel/studio/7.0/toolchain/avr8/avr8-gnu-toolchain/bin/../lib/gcc/avr/5.4.0/../../../../avr/lib/avr5\libm.a(fp_cmp.o)
                              c:/program files (x86)/atmel/studio/7.0/toolchain/avr8/avr8-gnu-toolchain/bin/../lib/gcc/avr/5.4.0/../../../../avr/lib/avr5\libm.a(cmpsf2.o) (__fp_cmp)
c:/program files (x86)/atmel/studio/7.0/toolchain/avr8/avr8-gnu-toolchain/bin/../lib/gcc/avr/5.4.0/../../../../avr/lib/avr5\libm.a(fp_inf.o)
                              c:/program files (x86)/atmel/studio/7.0/toolchain/avr8/avr8-gnu-toolchain/bin/../lib/gcc/avr/5.4.0/../../../../avr/lib/avr5\libm.a(addsf3x.o) (__fp_inf)
c:/program files (x86)/atmel/studio/7.0/toolchain/avr8/avr8-gnu-toolchain/bin/../lib/gcc/avr/5.4.0/../../../../avr/lib/avr5\libm.a(fp_nan.o)
                              c:/program files (x86)/atmel/studio/7.0/toolchain/avr8/avr8-gnu-toolchain/bin/../lib/gcc/avr/5.4.0/../../../../avr/lib/avr5\libm.a(addsf3x.o) (__fp_nan)
c:/program files (x86)/atmel/studio/7.0/toolchain/avr8/avr8-gnu-toolchain/bin/../lib/gcc/avr/5.4.0/../../../../avr/lib/avr5\libm.a(fp_powser.o)
                              c:/program files (x86)/atmel/studio/7.0/toolchain/avr8/avr8-gnu-toolchain/bin/../lib/gcc/avr/5.4.0/../../../../avr/lib/avr5\libm.a(atan.o) (__fp_powser)
c:/program files (x86)/atmel/studio/7.0/toolchain/avr8/avr8-gnu-toolchain/bin/../lib/gcc/avr/5.4.0/../../../../avr/lib/avr5\libm.a(fp_pscA.o)
                              c:/program files (x86)/atmel/studio/7.0/toolchain/avr8/avr8-gnu-toolchain/bin/../lib/gcc/avr/5.4.0/../../../../avr/lib/avr5\libm.a(addsf3x.o) (__fp_pscA)
c:/program files (x86)/atmel/studio/7.0/toolchain/avr8/avr8-gnu-toolchain/bin/../lib/gcc/avr/5.4.0/../../../../avr/lib/avr5\libm.a(fp_pscB.o)
                              c:/program files (x86)/atmel/studio/7.0/toolchain/avr8/avr8-gnu-toolchain/bin/../lib/gcc/avr/5.4.0/../../../../avr/lib/avr5\libm.a(addsf3x.o) (__fp_pscB)
c:/program files (x86)/atmel/studio/7.0/toolchain/avr8/avr8-gnu-toolchain/bin/../lib/gcc/avr/5.4.0/../../../../avr/lib/avr5\libm.a(fp_rempio2.o)
                              c:/program files (x86)/atmel/studio/7.0/toolchain/avr8/avr8-gnu-toolchain/bin/../lib/gcc/avr/5.4.0/../../../../avr/lib/avr5\libm.a(cos.o) (__fp_rempio2)
c:/program files (x86)/atmel/studio/7.0/toolchain/avr8/avr8-gnu-toolchain/bin/../lib/gcc/avr/5.4.0/../../../../avr/lib/avr5\libm.a(fp_round.o)
[...]
Memory Configuration

Name             Origin             Length             Attributes
text             0x00000000         0x00008000         xr
data             0x00800060         0x00000800         rw !x
eeprom           0x00810000         0x00000400         rw !x
fuse             0x00820000         0x00000002         rw !x
lock             0x00830000         0x00000400         rw !x
signature        0x00840000         0x00000400         rw !x
user_signatures  0x00850000         0x00000400         rw !x
*default*        0x00000000         0xffffffff

Linker script and memory map

LOAD C:/Program Files (x86)/Atmel/Studio/7.0/Packs/atmel/ATmega_DFP/1.6.364/gcc/dev/atmega32/avr5/crtatmega32.o
LOAD APP/main.o
LOAD HAL/Buzzer/BUZZER.o
LOAD HAL/GPS/GPS.o
LOAD HAL/LCD/LCD.o
LOAD HAL/P_B/P_B.o
LOAD HAL/ULTRASONIC_S/ULTRASONIC.o
LOAD MCAL/DIO/DIO.o
LOAD MCAL/EXT_INT/EXT_INT.o
LOAD MCAL/SW_UART/SWUART.o
LOAD MCAL/TIMER/TIMER.o
LOAD MCAL/UART/UART.o
START GROUP
LOAD c:/program files (x86)/atmel/studio/7.0/toolchain/avr8/avr8-gnu-toolchain/bin/../lib/gcc/avr/5.4.0/../../../../avr/lib/avr5\libm.a
END GROUP
START GROUP
LOAD c:/program files (x86)/atmel/studio/7.0/toolchain/avr8/avr8-gnu-toolchain/bin/../lib/gcc/avr/5.4.0/avr5\libgcc.a
LOAD c:/program files (x86)/atmel/studio/7.0/toolchain/avr8/avr8-gnu-toolchain/bin/../lib/gcc/avr/5.4.0/../../../../avr/lib/avr5\libm.a
LOAD c:/program files (x86)/atmel/studio/7.0/toolchain/avr8/avr8-gnu-toolchain/bin/../lib/gcc/avr/5.4.0/../../../../avr/lib/avr5\libc.a
LOAD C:/Program Files (x86)/Atmel/Studio/7.0/Packs/atmel/ATmega_DFP/1.6.364/gcc/dev/atmega32/avr5\libatmega32.a
END GROUP
                0x00000000                __TEXT_REGION_ORIGIN__ = DEFINED (__TEXT_REGION_ORIGIN__)?__TEXT_REGION_ORIGIN__:0x0
                [0x00800060]                __DATA_REGION_ORIGIN__ = DEFINED (__DATA_REGION_ORIGIN__)?__DATA_REGION_ORIGIN__:0x800060
                [0x00008000]                __TEXT_REGION_LENGTH__ = DEFINED (__TEXT_REGION_LENGTH__)?__TEXT_REGION_LENGTH__:0x20000
                [0x00000800]                __DATA_REGION_LENGTH__ = DEFINED (__DATA_REGION_LENGTH__)?__DATA_REGION_LENGTH__:0xffa0
                [0x00000400]                __EEPROM_REGION_LENGTH__ = DEFINED (__EEPROM_REGION_LENGTH__)?__EEPROM_REGION_LENGTH__:0x10000
                [0x00000002]                __FUSE_REGION_LENGTH__ = DEFINED (__FUSE_REGION_LENGTH__)?__FUSE_REGION_LENGTH__:0x400
                0x00000400                __LOCK_REGION_LENGTH__ = DEFINED (__LOCK_REGION_LENGTH__)?__LOCK_REGION_LENGTH__:0x400
                0x00000400                __SIGNATURE_REGION_LENGTH__ = DEFINED (__SIGNATURE_REGION_LENGTH__)?__SIGNATURE_REGION_LENGTH__:0x400
                0x00000400                __USER_SIGNATURE_REGION_LENGTH__ = DEFINED (__USER_SIGNATURE_REGION_LENGTH__)?__USER_SIGNATURE_REGION_LENGTH__:0x400

.hash
 *(.hash)

.dynsym
 *(.dynsym)

.dynstr
 *(.dynstr)

.gnu.version
 *(.gnu.version)

.gnu.version_d
 *(.gnu.version_d)

.gnu.version_r
 *(.gnu.version_r)

.rel.init
 *(.rel.init)

.rela.init
 *(.rela.init)

.rel.text
 *(.rel.text)
 *(.rel.text.*)
 *(.rel.gnu.linkonce.t*)

.rela.text
 *(.rela.text)
 *(.rela.text.*)
 *(.rela.gnu.linkonce.t*)

.rel.fini
 *(.rel.fini)

.rela.fini
 *(.rela.fini)

.rel.rodata
 *(.rel.rodata)
 *(.rel.rodata.*)
 *(.rel.gnu.linkonce.r*)

.rela.rodata
 *(.rela.rodata)
 *(.rela.rodata.*)
 *(.rela.gnu.linkonce.r*)

.rel.data
 *(.rel.data)
 *(.rel.data.*)
 *(.rel.gnu.linkonce.d*)

.rela.data
 *(.rela.data)
 *(.rela.data.*)
 *(.rela.gnu.linkonce.d*)

.rel.ctors
 *(.rel.ctors)

.rela.ctors
 *(.rela.ctors)

.rel.dtors
 *(.rel.dtors)

.rela.dtors
 *(.rela.dtors)

.rel.got
 *(.rel.got)

.rela.got
 *(.rela.got)

.rel.bss
 *(.rel.bss)

.rela.bss
 *(.rela.bss)

.rel.plt
 *(.rel.plt)

.rela.plt
 *(.rela.plt)

.text           0x00000000     0x1fe6
 *(.vectors)
 .vectors       0x00000000       0x54 C:/Program Files (x86)/Atmel/Studio/7.0/Packs/atmel/ATmega_DFP/1.6.364/gcc/dev/atmega32/avr5/crtatmega32.o
                0x00000000                __vector_default
                0x00000000                __vectors
 *(.vectors)
 *(.progmem.gcc*)
                0x00000054                . = ALIGN (0x2)
                0x00000054                __trampolines_start = .
 *(.trampolines)
 .trampolines   0x00000054        0x0 linker stubs
 *(.trampolines*)
                0x00000054                __trampolines_end = .
 *libprintf_flt.a:*(.progmem.data)
 *libc.a:*(.progmem.data)
 .progmem.data  0x00000054       0x3b c:/program files (x86)/atmel/studio/7.0/toolchain/avr8/avr8-gnu-toolchain/bin/../lib/gcc/avr/5.4.0/../../../../avr/lib/avr5\libc.a(strtod.o)
 .progmem.data  0x0000008f       0xfa c:/program files (x86)/atmel/studio/7.0/toolchain/avr8/avr8-gnu-toolchain/bin/../lib/gcc/avr/5.4.0/../../../../avr/lib/avr5\libc.a(ftoa_engine.o)
 *(.progmem*)
                0x0000018a                . = ALIGN (0x2)
 *fill*         0x00000189        0x1 
 *(.jumptables)
 *(.jumptables*)
 *(.lowtext)
 *(.lowtext*)
                0x0000018a                __ctors_start = .
 *(.ctors)
                0x0000018a                __ctors_end = .
                0x0000018a                __dtors_start = .
 *(.dtors)
                0x0000018a                __dtors_end = .
 SORT(*)(.ctors)
 SORT(*)(.dtors)
 *(.init0)
 .init0         0x0000018a        0x0 C:/Program Files (x86)/Atmel/Studio/7.0/Packs/atmel/ATmega_DFP/1.6.364/gcc/dev/atmega32/avr5/crtatmega32.o
                0x0000018a                __init
 *(.init0)
 *(.init1)
 *(.init1)
 *(.init2)
 .init2         0x0000018a        0xc C:/Program Files (x86)/Atmel/Studio/7.0/Packs/atmel/ATmega_DFP/1.6.364/gcc/dev/atmega32/avr5/crtatmega32.o
 *(.init2)
 *(.init3)
 *(.init3)
 *(.init4)
 .init4         0x00000196       0x16 c:/program files (x86)/atmel/studio/7.0/toolchain/avr8/avr8-gnu-toolchain/bin/../lib/gcc/avr/5.4.0/avr5\libgcc.a(_copy_data.o)
                0x00000196                __do_copy_data
 .init4         0x000001ac       0x10 c:/program files (x86)/atmel/studio/7.0/toolchain/avr8/avr8-gnu-toolchain/bin/../lib/gcc/avr/5.4.0/avr5\libgcc.a(_clear_bss.o)
                0x000001ac                __do_clear_bss
 *(.init4)
 *(.init5)
 *(.init5)
 *(.init6)
 *(.init6)
 *(.init7)
 *(.init7)
 *(.init8)
 *(.init8)
 *(.init9)
 .init9         0x000001bc        0x8 C:/Program Files (x86)/Atmel/Studio/7.0/Packs/atmel/ATmega_DFP/1.6.364/gcc/dev/atmega32/avr5/crtatmega32.o
 *(.init9)
 *(.text)
 .text          0x000001c4        0x4 C:/Program Files (x86)/Atmel/Studio/7.0/Packs/atmel/ATmega_DFP/1.6.364/gcc/dev/atmega32/avr5/crtatmega32.o
                0x000001c4                __vector_1
                0x000001c4                __vector_12
                0x000001c4                __bad_interrupt
                0x000001c4                __vector_3
                0x000001c4                __vector_13
                0x000001c4                __vector_17
                0x000001c4                __vector_19
                0x000001c4                __vector_7
                0x000001c4                __vector_4
                0x000001c4                __vector_9
                0x000001c4                __vector_15
                0x000001c4                __vector_14
                0x000001c4                __vector_10
                0x000001c4                __vector_16
                0x000001c4                __vector_18
                0x000001c4                __vector_20
                0x000001c8                . = ALIGN (0x2)
 *(.text.*)
 .text.main     0x000001c8      0x22e APP/main.o
                0x000001c8                main
 .text.__vector_5
                0x000003f6       0xfc APP/main.o
                0x000003f6                __vector_5
 .text.BUZZER_INIT
                0x000004f2        0xa HAL/Buzzer/BUZZER.o
                0x000004f2                BUZZER_INIT
 .text.BUZZER_ONCE
                0x000004fc       0x24 HAL/Buzzer/BUZZER.o
                0x000004fc                BUZZER_ONCE
 .text.BUZZER_ONCE_LONG
                0x00000520       0x24 HAL/Buzzer/BUZZER.o
                0x00000520                BUZZER_ONCE_LONG
 .text.GPS_INIT
                0x00000544        0x6 HAL/GPS/GPS.o
                0x00000544                GPS_INIT
 .text.GPS_EXTRACT_RMC
                0x0000054a       0xd4 HAL/GPS/GPS.o
                0x0000054a                GPS_EXTRACT_RMC
 .text.GPS_GET_STATUS
                0x0000061e       0x34 HAL/GPS/GPS.o
                0x0000061e                GPS_GET_STATUS
 .text.GPS_GET_LATITUDE
                0x00000652       0x84 HAL/GPS/GPS.o
                0x00000652                GPS_GET_LATITUDE
 .text.GPS_GET_LONGITUDE
                0x000006d6       0x84 HAL/GPS/GPS.o
                0x000006d6                GPS_GET_LONGITUDE
 .text.GPS_DEG_MIN_TO_DECIMAL_DEG_STR
                0x0000075a       0xb6 HAL/GPS/GPS.o
                0x0000075a                GPS_DEG_MIN_TO_DECIMAL_DEG_STR
 .text.LCD_WRITE_CMD
                0x00000810       0x78 HAL/LCD/LCD.o
                0x00000810                LCD_WRITE_CMD
 .text.LCD_INIT
                0x00000888       0x76 HAL/LCD/LCD.o
                0x00000888                LCD_INIT
 .text.LCD_WRITE_CHR
                0x000008fe       0x78 HAL/LCD/LCD.o
                0x000008fe                LCD_WRITE_CHR
 .text.LCD_WRITE_STR
                0x00000976       0x26 HAL/LCD/LCD.o
                0x00000976                LCD_WRITE_STR
 .text.LCD_WRITE_INT
                0x0000099c       0x82 HAL/LCD/LCD.o
                0x0000099c                LCD_WRITE_INT
 .text.LCD_GO_TO
                0x00000a1e       0x30 HAL/LCD/LCD.o
                0x00000a1e                LCD_GO_TO
 .text.LCD_CLR  0x00000a4e        0x8 HAL/LCD/LCD.o
                0x00000a4e                LCD_CLR
 .text.ultrasonic_init
                0x00000a56       0x2e HAL/ULTRASONIC_S/ULTRASONIC.o
                0x00000a56                ultrasonic_init
 .text.ultra_triger
                0x00000a84       0x22 HAL/ULTRASONIC_S/ULTRASONIC.o
                0x00000a84                ultra_triger
 .text.__vector_2
                0x00000aa6       0xe4 HAL/ULTRASONIC_S/ULTRASONIC.o
                0x00000aa6                __vector_2
 .text.__vector_11
                0x00000b8a       0x76 HAL/ULTRASONIC_S/ULTRASONIC.o
                0x00000b8a                __vector_11
 .text.PIN_MODE
                0x00000c00      0x1de MCAL/DIO/DIO.o
                0x00000c00                PIN_MODE
 .text.PIN_WRITE
                0x00000dde      0x1de MCAL/DIO/DIO.o
                0x00000dde                PIN_WRITE
 .text.PORT_WRITE
                0x00000fbc       0x20 MCAL/DIO/DIO.o
                0x00000fbc                PORT_WRITE
 .text.EXT_INT_1_INIT
                0x00000fdc       0x14 MCAL/EXT_INT/EXT_INT.o
                0x00000fdc                EXT_INT_1_INIT
 .text.__vector_6
                0x00000ff0       0x48 MCAL/SW_UART/SWUART.o
                0x00000ff0                __vector_6
 .text.__vector_8
                0x00001038       0x6e MCAL/SW_UART/SWUART.o
                0x00001038                __vector_8
 .text.SWUART_INIT
                0x000010a6       0x52 MCAL/SW_UART/SWUART.o
                0x000010a6                SWUART_INIT
 .text.SWUART_RX_BYTE
                0x000010f8       0x1a MCAL/SW_UART/SWUART.o
                0x000010f8                SWUART_RX_BYTE
 .text.TIMER_0_MODE
                0x00001112        0xe MCAL/TIMER/TIMER.o
                0x00001112                TIMER_0_MODE
 .text.TIMER_0_INT_TOV
                0x00001120        0xe MCAL/TIMER/TIMER.o
                0x00001120                TIMER_0_INT_TOV
 .text.TIMER_0_INIT
                0x0000112e        0xa MCAL/TIMER/TIMER.o
                0x0000112e                TIMER_0_INIT
 .text.TIMER_0_SET_TIME
                0x00001138       0x9e MCAL/TIMER/TIMER.o
                0x00001138                TIMER_0_SET_TIME
 .text.TIMER_0_START
                0x000011d6       0x14 MCAL/TIMER/TIMER.o
                0x000011d6                TIMER_0_START
 .text.TIMER_0_STOP
                0x000011ea       0x14 MCAL/TIMER/TIMER.o
                0x000011ea                TIMER_0_STOP
 .text.TIMER_2_INIT
                0x000011fe        0xe MCAL/TIMER/TIMER.o
                0x000011fe                TIMER_2_INIT
 .text.TIMER_2_INT_TOV
                0x0000120c        0xe MCAL/TIMER/TIMER.o
                0x0000120c                TIMER_2_INT_TOV
 .text.TIMER_2_START
                0x0000121a       0x14 MCAL/TIMER/TIMER.o
                0x0000121a                TIMER_2_START
 .text.TIMER_2_STOP
                0x0000122e       0x14 MCAL/TIMER/TIMER.o
                0x0000122e                TIMER_2_STOP
 .text.UART_INIT
                0x00001242       0x18 MCAL/UART/UART.o
                0x00001242                UART_INIT
 .text.UART_TRANSMIT_CHR
                0x0000125a        0x8 MCAL/UART/UART.o
                0x0000125a                UART_TRANSMIT_CHR
 .text.UART_TRANSMIT_STR
                0x00001262       0x26 MCAL/UART/UART.o
                0x00001262                UART_TRANSMIT_STR
 .text.avr-libc.fplib
                0x00001288        0xe c:/program files (x86)/atmel/studio/7.0/toolchain/avr8/avr8-gnu-toolchain/bin/../lib/gcc/avr/5.4.0/../../../../avr/lib/avr5\libm.a(addsf3.o)
                0x00001288                __subsf3
                0x0000128a                __addsf3
 .text.avr-libc.fplib
                0x00001296       0xcc c:/program files (x86)/atmel/studio/7.0/toolchain/avr8/avr8-gnu-toolchain/bin/../lib/gcc/avr/5.4.0/../../../../avr/lib/avr5\libm.a(addsf3x.o)
                0x000012b8                __addsf3x
 .text.avr-libc.fplib
                0x00001362        0xa c:/program files (x86)/atmel/studio/7.0/toolchain/avr8/avr8-gnu-toolchain/bin/../lib/gcc/avr/5.4.0/../../../../avr/lib/avr5\libm.a(cmpsf2.o)
                0x00001362                __nesf2
                0x00001362                __eqsf2
                0x00001362                __cmpsf2
                0x00001362                __ltsf2
                0x00001362                __lesf2
 .text.avr-libc.fplib
                0x0000136c        0x8 c:/program files (x86)/atmel/studio/7.0/toolchain/avr8/avr8-gnu-toolchain/bin/../lib/gcc/avr/5.4.0/../../../../avr/lib/avr5\libm.a(divsf3.o)
                0x0000136c                __divsf3
 .text.avr-libc.fplib
                0x00001374       0xdc c:/program files (x86)/atmel/studio/7.0/toolchain/avr8/avr8-gnu-toolchain/bin/../lib/gcc/avr/5.4.0/../../../../avr/lib/avr5\libm.a(divsf3x.o)
                0x00001394                __divsf3x
                0x0000139a                __divsf3_pse
 .text.avr-libc.fplib
                0x00001450       0x5e c:/program files (x86)/atmel/studio/7.0/toolchain/avr8/avr8-gnu-toolchain/bin/../lib/gcc/avr/5.4.0/../../../../avr/lib/avr5\libm.a(fixunssfsi.o)
                0x00001450                __fixunssfsi
 .text.avr-libc.fplib
                0x000014ae       0x7a c:/program files (x86)/atmel/studio/7.0/toolchain/avr8/avr8-gnu-toolchain/bin/../lib/gcc/avr/5.4.0/../../../../avr/lib/avr5\libm.a(floatsisf.o)
                0x000014ae                __floatunsisf
                0x000014b2                __floatsisf
 .text.avr-libc.fplib
                0x00001528       0x48 c:/program files (x86)/atmel/studio/7.0/toolchain/avr8/avr8-gnu-toolchain/bin/../lib/gcc/avr/5.4.0/../../../../avr/lib/avr5\libm.a(fp_cmp.o)
                0x00001528                __fp_cmp
 .text.avr-libc.fplib
                0x00001570        0xc c:/program files (x86)/atmel/studio/7.0/toolchain/avr8/avr8-gnu-toolchain/bin/../lib/gcc/avr/5.4.0/../../../../avr/lib/avr5\libm.a(fp_inf.o)
                0x00001570                __fp_inf
 .text.avr-libc.fplib
                0x0000157c        0x6 c:/program files (x86)/atmel/studio/7.0/toolchain/avr8/avr8-gnu-toolchain/bin/../lib/gcc/avr/5.4.0/../../../../avr/lib/avr5\libm.a(fp_nan.o)
                0x0000157c                __fp_nan
 .text.avr-libc.fplib
                0x00001582        0xe c:/program files (x86)/atmel/studio/7.0/toolchain/avr8/avr8-gnu-toolchain/bin/../lib/gcc/avr/5.4.0/../../../../avr/lib/avr5\libm.a(fp_pscA.o)
                0x00001582                __fp_pscA
 .text.avr-libc.fplib
                0x00001590        0xe c:/program files (x86)/atmel/studio/7.0/toolchain/avr8/avr8-gnu-toolchain/bin/../lib/gcc/avr/5.4.0/../../../../avr/lib/avr5\libm.a(fp_pscB.o)
                0x00001590                __fp_pscB
 .text.avr-libc.fplib
                0x0000159e       0x22 c:/program files (x86)/atmel/studio/7.0/toolchain/avr8/avr8-gnu-toolchain/bin/../lib/gcc/avr/5.4.0/../../../../avr/lib/avr5\libm.a(fp_round.o)
                0x0000159e                __fp_round
 .text.avr-libc.fplib
                0x000015c0       0x44 c:/program files (x86)/atmel/studio/7.0/toolchain/avr8/avr8-gnu-toolchain/bin/../lib/gcc/avr/5.4.0/../../../../avr/lib/avr5\libm.a(fp_split3.o)
                0x000015c0                __fp_split3
                0x000015d0                __fp_splitA
 .text.avr-libc.fplib
                0x00001604        0xe c:/program files (x86)/atmel/studio/7.0/toolchain/avr8/avr8-gnu-toolchain/bin/../lib/gcc/avr/5.4.0/../../../../avr/lib/avr5\libm.a(fp_zero.o)
                0x00001604                __fp_zero
                0x00001606                __fp_szero
 .text.avr-libc.fplib
                0x00001612        0x8 c:/program files (x86)/atmel/studio/7.0/toolchain/avr8/avr8-gnu-toolchain/bin/../lib/gcc/avr/5.4.0/../../../../avr/lib/avr5\libm.a(mulsf3.o)
                0x00001612                __mulsf3
 .text.avr-libc.fplib
                0x0000161a       0xd2 c:/program files (x86)/atmel/studio/7.0/toolchain/avr8/avr8-gnu-toolchain/bin/../lib/gcc/avr/5.4.0/../../../../avr/lib/avr5\libm.a(mulsf3x.o)
                0x00001638                __mulsf3x
                0x0000163e                __mulsf3_pse
 .text.libgcc.div
                0x000016ec       0x44 c:/program files (x86)/atmel/studio/7.0/toolchain/avr8/avr8-gnu-toolchain/bin/../lib/gcc/avr/5.4.0/avr5\libgcc.a(_udivmodsi4.o)
                0x000016ec                __udivmodsi4
 .text.libgcc.mul
                0x00001730       0x1e c:/program files (x86)/atmel/studio/7.0/toolchain/avr8/avr8-gnu-toolchain/bin/../lib/gcc/avr/5.4.0/avr5\libgcc.a(_umulhisi3.o)
                0x00001730                __umulhisi3
 .text.libgcc.mul
                0x0000174e       0x16 c:/program files (x86)/atmel/studio/7.0/toolchain/avr8/avr8-gnu-toolchain/bin/../lib/gcc/avr/5.4.0/avr5\libgcc.a(_muluhisi3.o)
                0x0000174e                __muluhisi3
 .text.avr-libc
                0x00001764       0x40 c:/program files (x86)/atmel/studio/7.0/toolchain/avr8/avr8-gnu-toolchain/bin/../lib/gcc/avr/5.4.0/../../../../avr/lib/avr5\libc.a(dtostrf.o)
                0x00001764                dtostrf
 .text.avr-libc
                0x000017a4        0x8 c:/program files (x86)/atmel/studio/7.0/toolchain/avr8/avr8-gnu-toolchain/bin/../lib/gcc/avr/5.4.0/../../../../avr/lib/avr5\libc.a(atof.o)
                0x000017a4                atof
 .text.avr-libc
                0x000017ac       0x16 c:/program files (x86)/atmel/studio/7.0/toolchain/avr8/avr8-gnu-toolchain/bin/../lib/gcc/avr/5.4.0/../../../../avr/lib/avr5\libc.a(strcat.o)
                0x000017ac                strcat
 .text.avr-libc
                0x000017c2       0x16 c:/program files (x86)/atmel/studio/7.0/toolchain/avr8/avr8-gnu-toolchain/bin/../lib/gcc/avr/5.4.0/../../../../avr/lib/avr5\libc.a(itoa_ncheck.o)
                0x000017c2                __itoa_ncheck
 .text.avr-libc
                0x000017d8       0x34 c:/program files (x86)/atmel/studio/7.0/toolchain/avr8/avr8-gnu-toolchain/bin/../lib/gcc/avr/5.4.0/../../../../avr/lib/avr5\libc.a(utoa_ncheck.o)
                0x000017d8                __utoa_ncheck
                0x000017da                __utoa_common
 .text.avr-libc
                0x0000180c      0x2b4 c:/program files (x86)/atmel/studio/7.0/toolchain/avr8/avr8-gnu-toolchain/bin/../lib/gcc/avr/5.4.0/../../../../avr/lib/avr5\libc.a(dtoa_prf.o)
                0x0000180c                dtoa_prf
 .text.avr-libc
                0x00001ac0      0x29c c:/program files (x86)/atmel/studio/7.0/toolchain/avr8/avr8-gnu-toolchain/bin/../lib/gcc/avr/5.4.0/../../../../avr/lib/avr5\libc.a(strtod.o)
                0x00001ac0                strtod
 .text.avr-libc
                0x00001d5c      0x1b0 c:/program files (x86)/atmel/studio/7.0/toolchain/avr8/avr8-gnu-toolchain/bin/../lib/gcc/avr/5.4.0/../../../../avr/lib/avr5\libc.a(ftoa_engine.o)
                0x00001d5c                __ftoa_engine
 .text.avr-libc
                0x00001f0c       0x12 c:/program files (x86)/atmel/studio/7.0/toolchain/avr8/avr8-gnu-toolchain/bin/../lib/gcc/avr/5.4.0/../../../../avr/lib/avr5\libc.a(isspace.o)
                0x00001f0c                isspace
 .text.avr-libc
                0x00001f1e       0x30 c:/program files (x86)/atmel/studio/7.0/toolchain/avr8/avr8-gnu-toolchain/bin/../lib/gcc/avr/5.4.0/../../../../avr/lib/avr5\libc.a(strncasecmp_P.o)
                0x00001f1e                strncasecmp_P
 .text.avr-libc
                0x00001f4e       0x20 c:/program files (x86)/atmel/studio/7.0/toolchain/avr8/avr8-gnu-toolchain/bin/../lib/gcc/avr/5.4.0/../../../../avr/lib/avr5\libc.a(strrev.o)
                0x00001f4e                strrev
 .text.avr-libc
                0x00001f6e        0x6 c:/program files (x86)/atmel/studio/7.0/toolchain/avr8/avr8-gnu-toolchain/bin/../lib/gcc/avr/5.4.0/../../../../avr/lib/avr5\libc.a(cty_isfalse.o)
                0x00001f6e                __ctype_isfalse
                0x00001f72                __ctype_istrue
 .text.libgcc.prologue
                0x00001f74       0x38 c:/program files (x86)/atmel/studio/7.0/toolchain/avr8/avr8-gnu-toolchain/bin/../lib/gcc/avr/5.4.0/avr5\libgcc.a(_prologue.o)
                0x00001f74                __prologue_saves__
 .text.libgcc.prologue
                0x00001fac       0x36 c:/program files (x86)/atmel/studio/7.0/toolchain/avr8/avr8-gnu-toolchain/bin/../lib/gcc/avr/5.4.0/avr5\libgcc.a(_epilogue.o)
                0x00001fac                __epilogue_restores__
                0x00001fe2                . = ALIGN (0x2)
 *(.fini9)
 .fini9         0x00001fe2        0x0 c:/program files (x86)/atmel/studio/7.0/toolchain/avr8/avr8-gnu-toolchain/bin/../lib/gcc/avr/5.4.0/avr5\libgcc.a(_exit.o)
                0x00001fe2                _exit
                0x00001fe2                exit
 *(.fini9)
 *(.fini8)
 *(.fini8)
 *(.fini7)
 *(.fini7)
 *(.fini6)
 *(.fini6)
 *(.fini5)
 *(.fini5)
 *(.fini4)
 *(.fini4)
 *(.fini3)
 *(.fini3)
 *(.fini2)
 *(.fini2)
 *(.fini1)
 *(.fini1)
 *(.fini0)
 .fini0         0x00001fe2        0x4 c:/program files (x86)/atmel/studio/7.0/toolchain/avr8/avr8-gnu-toolchain/bin/../lib/gcc/avr/5.4.0/avr5\libgcc.a(_exit.o)
 *(.fini0)
                0x00001fe6                _etext = .

.data           0x00800060       0xf8 load address 0x00001fe6
                0x00800060                PROVIDE (__data_start, .)
 *(.data)
 *(.data*)
 .data.Google_Maps_Link_Old
                0x00800060       0x2a APP/main.o
                0x00800060                Google_Maps_Link_Old
 .data.Longitude_Old
                0x0080008a       0x10 APP/main.o
                0x0080008a                Longitude_Old
 .data.Latitude_Old
                0x0080009a        0xf APP/main.o
                0x0080009a                Latitude_Old
 .data.Google_Maps_Link
                0x008000a9       0x32 APP/main.o
                0x008000a9                Google_Maps_Link
 .data.GPRMC    0x008000db        0x6 HAL/GPS/GPS.o
                0x008000db                GPRMC
 *(.gnu.linkonce.d*)
 *(.rodata)
 *(.rodata*)
 .rodata.str1.1
                0x008000e1       0x71 APP/main.o
                                 0x7e (size before relaxing)
 .rodata.str1.1
                0x00800152        0x5 HAL/ULTRASONIC_S/ULTRASONIC.o
 *(.gnu.linkonce.r*)
                0x00800158                . = ALIGN (0x2)
 *fill*         0x00800157        0x1 
                0x00800158                _edata = .
                0x00800158                PROVIDE (__data_end, .)

.bss            0x00800158       0xbb
                0x00800158                PROVIDE (__bss_start, .)
 *(.bss)
 *(.bss*)
 .bss.minutes   0x00800158        0x1 APP/main.o
 .bss.seconds   0x00800159        0x1 APP/main.o
 .bss.num_overflows
                0x0080015a        0x1 APP/main.o
 .bss.GPS_Connection_Failed
                0x0080015b        0x1 APP/main.o
                0x0080015b                GPS_Connection_Failed
 .bss.timer_counter
                0x0080015c        0x2 HAL/ULTRASONIC_S/ULTRASONIC.o
                0x0080015c                timer_counter
 .bss.falling_edge
                0x0080015e        0x1 HAL/ULTRASONIC_S/ULTRASONIC.o
                0x0080015e                falling_edge
 .bss.sensor_working
                0x0080015f        0x1 HAL/ULTRASONIC_S/ULTRASONIC.o
                0x0080015f                sensor_working
 *(COMMON)
 COMMON         0x00800160        0x2 APP/main.o
                0x00800160                distance
 COMMON         0x00800162       0x99 HAL/GPS/GPS.o
                0x00800162                Speed_Knots
                0x0080016a                Status
                0x0080016b                Latitude
                0x0080017b                Longitude
                0x0080018b                p_comma
                0x008001a3                Speed_m_s
                0x008001ab                RMC_data
 COMMON         0x008001fb        0xa HAL/ULTRASONIC_S/ULTRASONIC.o
                0x008001fb                distance_str
 COMMON         0x00800205        0x4 MCAL/SW_UART/SWUART.o
                0x00800205                RX_BUFFER
                0x00800206                RX_DATA
                0x00800207                RX_BIT_MASK
                0x00800208                RX_BYTE_COMPLETE
 COMMON         0x00800209        0x8 MCAL/TIMER/TIMER.o
                0x00800209                num_of_ov
                0x0080020d                initial_value
 COMMON         0x00800211        0x2 c:/program files (x86)/atmel/studio/7.0/toolchain/avr8/avr8-gnu-toolchain/bin/../lib/gcc/avr/5.4.0/../../../../avr/lib/avr5\libc.a(errno.o)
                0x00800211                errno
                0x00800213                PROVIDE (__bss_end, .)
                0x00001fe6                __data_load_start = LOADADDR (.data)
                0x000020de                __data_load_end = (__data_load_start + SIZEOF (.data))

.noinit         0x00800213        0x0
                [!provide]                PROVIDE (__noinit_start, .)
 *(.noinit*)
                [!provide]                PROVIDE (__noinit_end, .)
                0x00800213                _end = .
                [!provide]                PROVIDE (__heap_start, .)

.eeprom         0x00810000        0x0
 *(.eeprom*)
                0x00810000                __eeprom_end = .

.fuse
 *(.fuse)
 *(.lfuse)
 *(.hfuse)
 *(.efuse)

.lock
 *(.lock*)

.signature
 *(.signature*)

.user_signatures
 *(.user_signatures*)

.stab
 *(.stab)

.stabstr
 *(.stabstr)

.stab.excl
 *(.stab.excl)

.stab.exclstr
 *(.stab.exclstr)

.stab.index
 *(.stab.index)

.stab.indexstr
 *(.stab.indexstr)

.comment        0x00000000       0x5c
 *(.comment)
 .comment       0x00000000       0x30 APP/main.o
                                 0x31 (size before relaxing)
 .comment       0x00000030       0x31 HAL/Buzzer/BUZZER.o
 .comment       0x00000030       0x31 HAL/GPS/GPS.o
 .comment       0x00000030       0x31 HAL/LCD/LCD.o
 .comment       0x00000030       0x31 HAL/ULTRASONIC_S/ULTRASONIC.o
 .comment       0x00000030       0x31 MCAL/DIO/DIO.o
 .comment       0x00000030       0x31 MCAL/EXT_INT/EXT_INT.o
 .comment       0x00000030       0x31 MCAL/SW_UART/SWUART.o
 .comment       0x00000030       0x31 MCAL/TIMER/TIMER.o
 .comment       0x00000030       0x31 MCAL/UART/UART.o
 .comment       0x00000030       0x31 c:/program files (x86)/atmel/studio/7.0/toolchain/avr8/avr8-gnu-toolchain/bin/../lib/gcc/avr/5.4.0/../../../../avr/lib/avr5\libc.a(dtostrf.o)
 .comment       0x00000030       0x31 c:/program files (x86)/atmel/studio/7.0/toolchain/avr8/avr8-gnu-toolchain/bin/../lib/gcc/avr/5.4.0/../../../../avr/lib/avr5\libc.a(dtoa_prf.o)
 .comment       0x00000030       0x31 c:/program files (x86)/atmel/studio/7.0/toolchain/avr8/avr8-gnu-toolchain/bin/../lib/gcc/avr/5.4.0/../../../../avr/lib/avr5\libc.a(strtod.o)
 .comment       0x00000030       0x2c c:/program files (x86)/atmel/studio/7.0/toolchain/avr8/avr8-gnu-toolchain/bin/../lib/gcc/avr/5.4.0/../../../../avr/lib/avr5\libc.a(errno.o)
                                 0x2d (size before relaxing)

.note.gnu.avr.deviceinfo
                0x00000000       0x3c
 .note.gnu.avr.deviceinfo
                0x00000000       0x3c C:/Program Files (x86)/Atmel/Studio/7.0/Packs/atmel/ATmega_DFP/1.6.364/gcc/dev/atmega32/avr5/crtatmega32.o

.note.gnu.build-id
 *(.note.gnu.build-id)

.debug
 *(.debug)

.line
 *(.line)

.debug_srcinfo
 *(.debug_srcinfo)

.debug_sfnames
 *(.debug_sfnames)

.debug_aranges  0x00000000      0x358
 *(.debug_aranges)
 .debug_aranges
                0x00000000       0x28 APP/main.o
 .debug_aranges
                0x00000028       0x48 HAL/Buzzer/BUZZER.o
 .debug_aranges
                0x00000070       0x88 HAL/GPS/GPS.o
 .debug_aranges
                0x000000f8       0x68 HAL/LCD/LCD.o
 .debug_aranges
                0x00000160       0x38 HAL/ULTRASONIC_S/ULTRASONIC.o
 .debug_aranges
                0x00000198       0x68 MCAL/DIO/DIO.o
 .debug_aranges
                0x00000200       0x28 MCAL/EXT_INT/EXT_INT.o
 .debug_aranges
                0x00000228       0x38 MCAL/SW_UART/SWUART.o
 .debug_aranges
                0x00000260       0xb8 MCAL/TIMER/TIMER.o
 .debug_aranges
                0x00000318       0x40 MCAL/UART/UART.o

.debug_pubnames
 *(.debug_pubnames)

.debug_info     0x00000000     0x33ea
 *(.debug_info .gnu.linkonce.wi.*)
 .debug_info    0x00000000      0x4e6 C:/Program Files (x86)/Atmel/Studio/7.0/Packs/atmel/ATmega_DFP/1.6.364/gcc/dev/atmega32/avr5/crtatmega32.o
 .debug_info    0x000004e6      0xa1a APP/main.o
 .debug_info    0x00000f00      0x396 HAL/Buzzer/BUZZER.o
 .debug_info    0x00001296      0x9e4 HAL/GPS/GPS.o
 .debug_info    0x00001c7a      0x954 HAL/LCD/LCD.o
 .debug_info    0x000025ce      0x3fb HAL/ULTRASONIC_S/ULTRASONIC.o
 .debug_info    0x000029c9      0x2d3 MCAL/DIO/DIO.o
 .debug_info    0x00002c9c       0x98 MCAL/EXT_INT/EXT_INT.o
 .debug_info    0x00002d34      0x15f MCAL/SW_UART/SWUART.o
 .debug_info    0x00002e93      0x303 MCAL/TIMER/TIMER.o
 .debug_info    0x00003196      0x254 MCAL/UART/UART.o

.debug_abbrev   0x00000000     0x11f3
 *(.debug_abbrev)
 .debug_abbrev  0x00000000      0x4a3 C:/Program Files (x86)/Atmel/Studio/7.0/Packs/atmel/ATmega_DFP/1.6.364/gcc/dev/atmega32/avr5/crtatmega32.o
 .debug_abbrev  0x000004a3      0x1a6 APP/main.o
 .debug_abbrev  0x00000649       0xf1 HAL/Buzzer/BUZZER.o
 .debug_abbrev  0x0000073a      0x220 HAL/GPS/GPS.o
 .debug_abbrev  0x0000095a      0x1da HAL/LCD/LCD.o
 .debug_abbrev  0x00000b34      0x217 HAL/ULTRASONIC_S/ULTRASONIC.o
 .debug_abbrev  0x00000d4b      0x101 MCAL/DIO/DIO.o
 .debug_abbrev  0x00000e4c       0x46 MCAL/EXT_INT/EXT_INT.o
 .debug_abbrev  0x00000e92       0xb9 MCAL/SW_UART/SWUART.o
 .debug_abbrev  0x00000f4b       0xec MCAL/TIMER/TIMER.o
 .debug_abbrev  0x00001037      0x1bc MCAL/UART/UART.o

.debug_line     0x00000000     0x20a0
 *(.debug_line .debug_line.* .debug_line_end)
 .debug_line    0x00000000      0x116 C:/Program Files (x86)/Atmel/Studio/7.0/Packs/atmel/ATmega_DFP/1.6.364/gcc/dev/atmega32/avr5/crtatmega32.o
 .debug_line    0x00000116      0x439 APP/main.o
 .debug_line    0x0000054f      0x1ef HAL/Buzzer/BUZZER.o
 .debug_line    0x0000073e      0x674 HAL/GPS/GPS.o
 .debug_line    0x00000db2      0x487 HAL/LCD/LCD.o
 .debug_line    0x00001239      0x285 HAL/ULTRASONIC_S/ULTRASONIC.o
 .debug_line    0x000014be      0x4c4 MCAL/DIO/DIO.o
 .debug_line    0x00001982       0x9b MCAL/EXT_INT/EXT_INT.o
 .debug_line    0x00001a1d      0x1fd MCAL/SW_UART/SWUART.o
 .debug_line    0x00001c1a      0x309 MCAL/TIMER/TIMER.o
 .debug_line    0x00001f23      0x17d MCAL/UART/UART.o

.debug_frame    0x00000000      0x860
 *(.debug_frame)
 .debug_frame   0x00000000       0x7c APP/main.o
 .debug_frame   0x0000007c       0x74 HAL/Buzzer/BUZZER.o
 .debug_frame   0x000000f0      0x1d0 HAL/GPS/GPS.o
 .debug_frame   0x000002c0      0x168 HAL/LCD/LCD.o
 .debug_frame   0x00000428       0xe4 HAL/ULTRASONIC_S/ULTRASONIC.o
 .debug_frame   0x0000050c       0xb4 MCAL/DIO/DIO.o
 .debug_frame   0x000005c0       0x34 MCAL/EXT_INT/EXT_INT.o
 .debug_frame   0x000005f4       0x7c MCAL/SW_UART/SWUART.o
 .debug_frame   0x00000670      0x160 MCAL/TIMER/TIMER.o
 .debug_frame   0x000007d0       0x90 MCAL/UART/UART.o

.debug_str      0x00000000      0xb12
 *(.debug_str)
 .debug_str     0x00000000      0x196 C:/Program Files (x86)/Atmel/Studio/7.0/Packs/atmel/ATmega_DFP/1.6.364/gcc/dev/atmega32/avr5/crtatmega32.o
 .debug_str     0x00000196      0x386 APP/main.o
                                0x3d3 (size before relaxing)
 .debug_str     0x0000051c       0x4c HAL/Buzzer/BUZZER.o
                                0x239 (size before relaxing)
 .debug_str     0x00000568      0x1c2 HAL/GPS/GPS.o
                                0x3f3 (size before relaxing)
 .debug_str     0x0000072a       0x98 HAL/LCD/LCD.o
                                0x2c2 (size before relaxing)
 .debug_str     0x000007c2       0xf1 HAL/ULTRASONIC_S/ULTRASONIC.o
                                0x2ee (size before relaxing)
 .debug_str     0x000008b3       0x7b MCAL/DIO/DIO.o
                                0x1ed (size before relaxing)
 .debug_str     0x0000092e       0x29 MCAL/EXT_INT/EXT_INT.o
                                0x186 (size before relaxing)
 .debug_str     0x00000957       0x67 MCAL/SW_UART/SWUART.o
                                0x220 (size before relaxing)
 .debug_str     0x000009be      0x10f MCAL/TIMER/TIMER.o
                                0x2d7 (size before relaxing)
 .debug_str     0x00000acd       0x45 MCAL/UART/UART.o
                                0x1f7 (size before relaxing)

.debug_loc      0x00000000     0x30f7
 *(.debug_loc)
 .debug_loc     0x00000000      0x353 APP/main.o
 .debug_loc     0x00000353      0x168 HAL/Buzzer/BUZZER.o
 .debug_loc     0x000004bb      0xc34 HAL/GPS/GPS.o
 .debug_loc     0x000010ef      0x87c HAL/LCD/LCD.o
 .debug_loc     0x0000196b      0x25f HAL/ULTRASONIC_S/ULTRASONIC.o
 .debug_loc     0x00001bca     0x129a MCAL/DIO/DIO.o
 .debug_loc     0x00002e64       0x92 MCAL/SW_UART/SWUART.o
 .debug_loc     0x00002ef6       0xb1 MCAL/TIMER/TIMER.o
 .debug_loc     0x00002fa7      0x150 MCAL/UART/UART.o

.debug_macinfo
 *(.debug_macinfo)

.debug_weaknames
 *(.debug_weaknames)

.debug_funcnames
 *(.debug_funcnames)

.debug_typenames
 *(.debug_typenames)

.debug_varnames
 *(.debug_varnames)

.debug_pubtypes
 *(.debug_pubtypes)

.debug_ranges   0x00000000      0x2e8
 *(.debug_ranges)
 .debug_ranges  0x00000000       0x18 APP/main.o
 .debug_ranges  0x00000018       0x38 HAL/Buzzer/BUZZER.o
 .debug_ranges  0x00000050       0xa8 HAL/GPS/GPS.o
 .debug_ranges  0x000000f8       0x58 HAL/LCD/LCD.o
 .debug_ranges  0x00000150       0x28 HAL/ULTRASONIC_S/ULTRASONIC.o
 .debug_ranges  0x00000178       0x58 MCAL/DIO/DIO.o
 .debug_ranges  0x000001d0       0x18 MCAL/EXT_INT/EXT_INT.o
 .debug_ranges  0x000001e8       0x28 MCAL/SW_UART/SWUART.o
 .debug_ranges  0x00000210       0xa8 MCAL/TIMER/TIMER.o
 .debug_ranges  0x000002b8       0x30 MCAL/UART/UART.o

.debug_macro
 *(.debug_macro)
OUTPUT(NodeMCU_test.elf elf32-avr)
LOAD linker stubs
